Structure for TestFileDump.testDump.orc
Rows: 21000
Compression: ZLIB
Compression size: 10000
Raw data size: 7157832
Type: struct<i:int,l:bigint,s:string>

Statistics:
  Column 0: count: 21000
  Column 1: count: 21000 min: 1 max: 20999 sum: 219483908
  Column 2: count: 21000 min: 2147483647 max: 2147504645 sum: 45097377083598
  Column 3: count: 21000 min: Darkness,-80 max: worst-68-382-676-772-886-888-956-1064-1148-1310-1324-1418-1578-1700-1726-1802-2090-2306-2530-2568-2690-2812-2842-3718-4124-4316-4328-4488-4816-4942-5152-5286-5322-5422-5478-5534-5564-5618-6036-6254-6298-6480-6614-6746-6836-7148-7352-7488-7496-7516-7586-7624-7720-7772-7992-8206-8288-8516-8700-8726-8892-9002-9310-9556-9656-9658-9712-9948-10048-10518-10594-10604-11314-11410-11480-11696-12318-12350-12366-12666-12966-13466-13650-14106-14114-14276-14328-15184-15212-15314-15366-15382-15560-15758-16024-16316-16388-16554-16596-16724-16746-16766-16884-17182-17208-17466-17604-17656-18038-18550-18560-18814-19232-19742-20116-20414-20736-20822

Stripes:
  Stripe: offset: 3 data: 100557 rows: 5000 tail: 101 index: 226 raw_data: 441518
    Stream: column 0 section ROW_INDEX start: 3 length 10
    Stream: column 1 section ROW_INDEX start: 13 length 30
    Stream: column 2 section ROW_INDEX start: 43 length 40
    Stream: column 3 section ROW_INDEX start: 83 length 146
    Stream: column 1 section PRESENT start: 229 length 11
    Stream: column 1 section DATA start: 240 length 8450
    Stream: column 1 section LENGTH start: 8690 length 0
    Stream: column 1 section DICTIONARY_DATA start: 8690 length 0
    Stream: column 2 section PRESENT start: 8690 length 11
    Stream: column 2 section DATA start: 8701 length 8169
    Stream: column 2 section LENGTH start: 16870 length 0
    Stream: column 2 section DICTIONARY_DATA start: 16870 length 0
    Stream: column 3 section PRESENT start: 16870 length 11
    Stream: column 3 section DATA start: 16881 length 79650
    Stream: column 3 section LENGTH start: 96531 length 4255
    Stream: column 3 section DICTIONARY_DATA start: 100786 length 0
    Encoding column 0: DIRECT
    Encoding column 1: DIRECT
    Encoding column 2: DIRECT
    Encoding column 3: DIRECT
  Stripe: offset: 100887 data: 282713 rows: 5000 tail: 99 index: 383 raw_data: 1172656
    Stream: column 0 section ROW_INDEX start: 100887 length 10
    Stream: column 1 section ROW_INDEX start: 100897 length 30
    Stream: column 2 section ROW_INDEX start: 100927 length 39
    Stream: column 3 section ROW_INDEX start: 100966 length 304
    Stream: column 1 section PRESENT start: 101270 length 11
    Stream: column 1 section DATA start: 101281 length 8467
    Stream: column 1 section LENGTH start: 109748 length 0
    Stream: column 1 section DICTIONARY_DATA start: 109748 length 0
    Stream: column 2 section PRESENT start: 109748 length 11
    Stream: column 2 section DATA start: 109759 length 8118
    Stream: column 2 section LENGTH start: 117877 length 0
    Stream: column 2 section DICTIONARY_DATA start: 117877 length 0
    Stream: column 3 section PRESENT start: 117877 length 11
    Stream: column 3 section DATA start: 117888 length 262138
    Stream: column 3 section LENGTH start: 380026 length 3957
    Stream: column 3 section DICTIONARY_DATA start: 383983 length 0
    Encoding column 0: DIRECT
    Encoding column 1: DIRECT
    Encoding column 2: DIRECT
    Encoding column 3: DIRECT
  Stripe: offset: 384082 data: 486223 rows: 5000 tail: 102 index: 491 raw_data: 1985250
    Stream: column 0 section ROW_INDEX start: 384082 length 10
    Stream: column 1 section ROW_INDEX start: 384092 length 30
    Stream: column 2 section ROW_INDEX start: 384122 length 39
    Stream: column 3 section ROW_INDEX start: 384161 length 412
    Stream: column 1 section PRESENT start: 384573 length 11
    Stream: column 1 section DATA start: 384584 length 8534
    Stream: column 1 section LENGTH start: 393118 length 0
    Stream: column 1 section DICTIONARY_DATA start: 393118 length 0
    Stream: column 2 section PRESENT start: 393118 length 11
    Stream: column 2 section DATA start: 393129 length 8106
    Stream: column 2 section LENGTH start: 401235 length 0
    Stream: column 2 section DICTIONARY_DATA start: 401235 length 0
    Stream: column 3 section PRESENT start: 401235 length 11
    Stream: column 3 section DATA start: 401246 length 465386
    Stream: column 3 section LENGTH start: 866632 length 4164
    Stream: column 3 section DICTIONARY_DATA start: 870796 length 0
    Encoding column 0: DIRECT
    Encoding column 1: DIRECT
    Encoding column 2: DIRECT
    Encoding column 3: DIRECT
  Stripe: offset: 870898 data: 712287 rows: 5000 tail: 102 index: 619 raw_data: 2878674
    Stream: column 0 section ROW_INDEX start: 870898 length 10
    Stream: column 1 section ROW_INDEX start: 870908 length 30
    Stream: column 2 section ROW_INDEX start: 870938 length 37
    Stream: column 3 section ROW_INDEX start: 870975 length 542
    Stream: column 1 section PRESENT start: 871517 length 11
    Stream: column 1 section DATA start: 871528 length 8510
    Stream: column 1 section LENGTH start: 880038 length 0
    Stream: column 1 section DICTIONARY_DATA start: 880038 length 0
    Stream: column 2 section PRESENT start: 880038 length 11
    Stream: column 2 section DATA start: 880049 length 8130
    Stream: column 2 section LENGTH start: 888179 length 0
    Stream: column 2 section DICTIONARY_DATA start: 888179 length 0
    Stream: column 3 section PRESENT start: 888179 length 11
    Stream: column 3 section DATA start: 888190 length 691256
    Stream: column 3 section LENGTH start: 1579446 length 4358
    Stream: column 3 section DICTIONARY_DATA start: 1583804 length 0
    Encoding column 0: DIRECT
    Encoding column 1: DIRECT
    Encoding column 2: DIRECT
    Encoding column 3: DIRECT
  Stripe: offset: 1583906 data: 168229 rows: 1000 tail: 97 index: 708 raw_data: 679734
    Stream: column 0 section ROW_INDEX start: 1583906 length 10
    Stream: column 1 section ROW_INDEX start: 1583916 length 30
    Stream: column 2 section ROW_INDEX start: 1583946 length 38
    Stream: column 3 section ROW_INDEX start: 1583984 length 630
    Stream: column 1 section PRESENT start: 1584614 length 5
    Stream: column 1 section DATA start: 1584619 length 1732
    Stream: column 1 section LENGTH start: 1586351 length 0
    Stream: column 1 section DICTIONARY_DATA start: 1586351 length 0
    Stream: column 2 section PRESENT start: 1586351 length 5
    Stream: column 2 section DATA start: 1586356 length 1627
    Stream: column 2 section LENGTH start: 1587983 length 0
    Stream: column 2 section DICTIONARY_DATA start: 1587983 length 0
    Stream: column 3 section PRESENT start: 1587983 length 5
    Stream: column 3 section DATA start: 1587988 length 163805
    Stream: column 3 section LENGTH start: 1751793 length 1050
    Stream: column 3 section DICTIONARY_DATA start: 1752843 length 0
    Encoding column 0: DIRECT
    Encoding column 1: DIRECT
    Encoding column 2: DIRECT
    Encoding column 3: DIRECT
