Structure for TestFileDump.testDump.orc
Rows: 21000
Compression: ZLIB
Compression size: 10000
Raw data size: 7157832
Type: struct<i:int,l:bigint,s:string>

Statistics:
  Column 0: count: 21000
  Column 1: count: 21000 min: 1 max: 20999 sum: 219483908
  Column 2: count: 21000 min: 2147483647 max: 2147504645 sum: 45097377083598
  Column 3: count: 21000 min: Darkness,-80 max: worst-68-382-676-772-886-888-956-1064-1148-1310-1324-1418-1578-1700-1726-1802-2090-2306-2530-2568-2690-2812-2842-3718-4124-4316-4328-4488-4816-4942-5152-5286-5322-5422-5478-5534-5564-5618-6036-6254-6298-6480-6614-6746-6836-7148-7352-7488-7496-7516-7586-7624-7720-7772-7992-8206-8288-8516-8700-8726-8892-9002-9310-9556-9656-9658-9712-9948-10048-10518-10594-10604-11314-11410-11480-11696-12318-12350-12366-12666-12966-13466-13650-14106-14114-14276-14328-15184-15212-15314-15366-15382-15560-15758-16024-16316-16388-16554-16596-16724-16746-16766-16884-17182-17208-17466-17604-17656-18038-18550-18560-18814-19232-19742-20116-20414-20736-20822

Stripes:
  Stripe: offset: 3 data: 81225 rows: 5000 tail: 108 index: 226 raw_data: 441518
    Stream: column 0 section ROW_INDEX start: 3 length 10
    Stream: column 1 section ROW_INDEX start: 13 length 30
    Stream: column 2 section ROW_INDEX start: 43 length 40
    Stream: column 3 section ROW_INDEX start: 83 length 146
    Stream: column 1 section PRESENT start: 229 length 11
    Stream: column 1 section DATA start: 240 length 3602
    Stream: column 1 section LENGTH start: 3842 length 0
    Stream: column 1 section DICTIONARY_DATA start: 3842 length 5559
    Stream: column 2 section PRESENT start: 9401 length 11
    Stream: column 2 section DATA start: 9412 length 3602
    Stream: column 2 section LENGTH start: 13014 length 0
    Stream: column 2 section DICTIONARY_DATA start: 13014 length 6677
    Stream: column 3 section PRESENT start: 19691 length 11
    Stream: column 3 section DATA start: 19702 length 3602
    Stream: column 3 section LENGTH start: 23304 length 2639
    Stream: column 3 section DICTIONARY_DATA start: 25943 length 55511
    Encoding column 0: DIRECT
    Encoding column 1: DICTIONARY[2500]
    Encoding column 2: DICTIONARY[2500]
    Encoding column 3: DICTIONARY[2500]
  Stripe: offset: 81562 data: 237930 rows: 5000 tail: 109 index: 383 raw_data: 1172656
    Stream: column 0 section ROW_INDEX start: 81562 length 10
    Stream: column 1 section ROW_INDEX start: 81572 length 30
    Stream: column 2 section ROW_INDEX start: 81602 length 39
    Stream: column 3 section ROW_INDEX start: 81641 length 304
    Stream: column 1 section PRESENT start: 81945 length 11
    Stream: column 1 section DATA start: 81956 length 3602
    Stream: column 1 section LENGTH start: 85558 length 0
    Stream: column 1 section DICTIONARY_DATA start: 85558 length 5556
    Stream: column 2 section PRESENT start: 91114 length 11
    Stream: column 2 section DATA start: 91125 length 3602
    Stream: column 2 section LENGTH start: 94727 length 0
    Stream: column 2 section DICTIONARY_DATA start: 94727 length 6683
    Stream: column 3 section PRESENT start: 101410 length 11
    Stream: column 3 section DATA start: 101421 length 3602
    Stream: column 3 section LENGTH start: 105023 length 3191
    Stream: column 3 section DICTIONARY_DATA start: 108214 length 211661
    Encoding column 0: DIRECT
    Encoding column 1: DICTIONARY[2500]
    Encoding column 2: DICTIONARY[2500]
    Encoding column 3: DICTIONARY[2500]
  Stripe: offset: 319984 data: 417455 rows: 5000 tail: 109 index: 491 raw_data: 1985250
    Stream: column 0 section ROW_INDEX start: 319984 length 10
    Stream: column 1 section ROW_INDEX start: 319994 length 30
    Stream: column 2 section ROW_INDEX start: 320024 length 39
    Stream: column 3 section ROW_INDEX start: 320063 length 412
    Stream: column 1 section PRESENT start: 320475 length 11
    Stream: column 1 section DATA start: 320486 length 3602
    Stream: column 1 section LENGTH start: 324088 length 0
    Stream: column 1 section DICTIONARY_DATA start: 324088 length 5572
    Stream: column 2 section PRESENT start: 329660 length 11
    Stream: column 2 section DATA start: 329671 length 3602
    Stream: column 2 section LENGTH start: 333273 length 0
    Stream: column 2 section DICTIONARY_DATA start: 333273 length 6682
    Stream: column 3 section PRESENT start: 339955 length 11
    Stream: column 3 section DATA start: 339966 length 3602
    Stream: column 3 section LENGTH start: 343568 length 3267
    Stream: column 3 section DICTIONARY_DATA start: 346835 length 391095
    Encoding column 0: DIRECT
    Encoding column 1: DICTIONARY[2500]
    Encoding column 2: DICTIONARY[2500]
    Encoding column 3: DICTIONARY[2500]
  Stripe: offset: 738039 data: 615207 rows: 5000 tail: 111 index: 620 raw_data: 2878674
    Stream: column 0 section ROW_INDEX start: 738039 length 10
    Stream: column 1 section ROW_INDEX start: 738049 length 30
    Stream: column 2 section ROW_INDEX start: 738079 length 37
    Stream: column 3 section ROW_INDEX start: 738116 length 543
    Stream: column 1 section PRESENT start: 738659 length 11
    Stream: column 1 section DATA start: 738670 length 3602
    Stream: column 1 section LENGTH start: 742272 length 0
    Stream: column 1 section DICTIONARY_DATA start: 742272 length 5574
    Stream: column 2 section PRESENT start: 747846 length 11
    Stream: column 2 section DATA start: 747857 length 3602
    Stream: column 2 section LENGTH start: 751459 length 0
    Stream: column 2 section DICTIONARY_DATA start: 751459 length 6671
    Stream: column 3 section PRESENT start: 758130 length 11
    Stream: column 3 section DATA start: 758141 length 3602
    Stream: column 3 section LENGTH start: 761743 length 3369
    Stream: column 3 section DICTIONARY_DATA start: 765112 length 588754
    Encoding column 0: DIRECT
    Encoding column 1: DICTIONARY[2500]
    Encoding column 2: DICTIONARY[2500]
    Encoding column 3: DICTIONARY[2500]
  Stripe: offset: 1353977 data: 145674 rows: 1000 tail: 103 index: 708 raw_data: 679734
    Stream: column 0 section ROW_INDEX start: 1353977 length 10
    Stream: column 1 section ROW_INDEX start: 1353987 length 30
    Stream: column 2 section ROW_INDEX start: 1354017 length 38
    Stream: column 3 section ROW_INDEX start: 1354055 length 630
    Stream: column 1 section PRESENT start: 1354685 length 5
    Stream: column 1 section DATA start: 1354690 length 856
    Stream: column 1 section LENGTH start: 1355546 length 0
    Stream: column 1 section DICTIONARY_DATA start: 1355546 length 1167
    Stream: column 2 section PRESENT start: 1356713 length 5
    Stream: column 2 section DATA start: 1356718 length 856
    Stream: column 2 section LENGTH start: 1357574 length 0
    Stream: column 2 section DICTIONARY_DATA start: 1357574 length 1396
    Stream: column 3 section PRESENT start: 1358970 length 5
    Stream: column 3 section DATA start: 1358975 length 856
    Stream: column 3 section LENGTH start: 1359831 length 718
    Stream: column 3 section DICTIONARY_DATA start: 1360549 length 139810
    Encoding column 0: DIRECT
    Encoding column 1: DICTIONARY[500]
    Encoding column 2: DICTIONARY[500]
    Encoding column 3: DICTIONARY[500]
